PHARI074 ph03272 001 [Dec 15 14:30:25] 45
PHARI075 ph03150 002 [Dec 15 15:30:25] 2
PHARI074 ph03272 003 [Dec 15 16:30:25] 15
PHARI076 ph03300 004 [Dec 15 17:30:25] 8
PHARI077 ph03150 005 [Dec 15 18:30:25] 25
PHARI077 ph09999 019 [Dec 15 18:30:25] 2
PHARI018 ph01180 020 [Dec 15 18:30:25] 5
PHARI078 ph03100 020 [Dec 15 19:30:25] 12